{
    "compile_errors": [],
    "decls": {
        "let activity_filter": λ {
        	activity_type Utf8,
        } -> [{
        	customer_id Int64,
        	segment Utf8,
        	channel Utf8,
        	cohort Utf8,
        	timestamp Timestamp(
            Microsecond,
            None,
        ),
        	revenue_impact Float64,
        	activity Utf8,
        	plan_type Utf8,
        }],
        "let churned_revenue_cube": [{
        	metric_model Utf8,
        	is_snapshot_reliant_metric Boolean,
        	anchor_date Utf8,
        	date_grain Utf8,
        	metric_date Date32,
        	slice_object Utf8,
        	slice_dimension Utf8,
        	slice_value Utf8,
        	metric_calculation Utf8,
        	metric_value Float64,
        }],
        "let contract_stream": [{
        	id Int64,
        	customer_id Int64,
        	timestamp Timestamp(
            Microsecond,
            None,
        ),
        	activity Utf8,
        	revenue_impact Float64,
        	plan_type Utf8,
        	activity_occurrence Int64,
        	activity_repeated_at Timestamp(
            Microsecond,
            None,
        ),
        }],
        "let contraction_revenue_cube": [{
        	metric_model Utf8,
        	is_snapshot_reliant_metric Boolean,
        	anchor_date Utf8,
        	date_grain Utf8,
        	metric_date Date32,
        	slice_object Utf8,
        	slice_dimension Utf8,
        	slice_value Utf8,
        	metric_calculation Utf8,
        	metric_value Float64,
        }],
        "let dim_customer": [{
        	id Int64,
        	segment Utf8,
        	channel Utf8,
        	first_contract_signed_date Timestamp(
            Microsecond,
            None,
        ),
        	cohort Utf8,
        }],
        "let expansion_contract_started": [{
        	metric_model Utf8,
        	is_snapshot_reliant_metric Boolean,
        	anchor_date Utf8,
        	date_grain Utf8,
        	metric_date Date32,
        	slice_object Utf8,
        	slice_dimension Utf8,
        	slice_value Utf8,
        	metric_calculation Utf8,
        	metric_value Float64,
        }],
        "let metrics_cube": ∀ "__Return", "R", "S" λ {
        	date_slices [Utf8],
        	metric_slices [Utf8],
        	source "R",
        	metric_fn "S",
        	metric_name Utf8,
        } -> "__Return",
        "let new_revenue_cube": [{
        	metric_model Utf8,
        	is_snapshot_reliant_metric Boolean,
        	anchor_date Utf8,
        	date_grain Utf8,
        	metric_date Date32,
        	slice_object Utf8,
        	slice_dimension Utf8,
        	slice_value Utf8,
        	metric_calculation Utf8,
        	metric_value Float64,
        }],
        "let src_contract_stream": [{
        	id Int64,
        	customer_id Int64,
        	timestamp Timestamp(
            Microsecond,
            None,
        ),
        	activity Utf8,
        	revenue_impact Float64,
        	plan_type Utf8,
        	activity_occurrence Int64,
        	activity_repeated_at Timestamp(
            Microsecond,
            None,
        ),
        }],
        "let src_dim_customer": [{
        	id Int64,
        	segment Utf8,
        	channel Utf8,
        	first_contract_signed_date Timestamp(
            Microsecond,
            None,
        ),
        }],
        "type ContractStream": {
        	id Int64,
        	customer_id Int64,
        	timestamp Timestamp(
            Microsecond,
            None,
        ),
        	activity Utf8,
        	revenue_impact Float64,
        	plan_type Utf8,
        	activity_occurrence Int64,
        	activity_repeated_at Timestamp(
            Microsecond,
            None,
        ),
        },
        "type DimCustomer": {
        	id Int64,
        	segment Utf8,
        	channel Utf8,
        	first_contract_signed_date Timestamp(
            Microsecond,
            None,
        ),
        },
    },
    "queries": [
        Ok(
            TypedValue {
                type_: List(
                    Record(
                        [
                            Field {
                                name: "COUNT(*)",
                                type_: Atom(
                                    Int64,
                                ),
                                nullable: true,
                            },
                        ],
                    ),
                ),
                value: "| COUNT(*) |\n|----------|\n| 272      |",
            },
        ),
        Ok(
            TypedValue {
                type_: List(
                    Record(
                        [
                            Field {
                                name: "COUNT(*)",
                                type_: Atom(
                                    Int64,
                                ),
                                nullable: true,
                            },
                        ],
                    ),
                ),
                value: "| COUNT(*) |\n|----------|\n| 276      |",
            },
        ),
        Ok(
            TypedValue {
                type_: List(
                    Record(
                        [
                            Field {
                                name: "COUNT(*)",
                                type_: Atom(
                                    Int64,
                                ),
                                nullable: true,
                            },
                        ],
                    ),
                ),
                value: "| COUNT(*) |\n|----------|\n| 249      |",
            },
        ),
        Ok(
            TypedValue {
                type_: List(
                    Record(
                        [
                            Field {
                                name: "COUNT(*)",
                                type_: Atom(
                                    Int64,
                                ),
                                nullable: true,
                            },
                        ],
                    ),
                ),
                value: "| COUNT(*) |\n|----------|\n| 257      |",
            },
        ),
    ],
}