{
    "compile_errors": [],
    "decls": {
        "let bar": [Int64],
        "let baz": [Utf8],
        "let foo": Int64,
    },
    "queries": [
        Ok(
            TypedValue {
                type_: List(
                    Record(
                        [
                            Field {
                                name: "foo",
                                type_: Atom(
                                    Int64,
                                ),
                                nullable: true,
                            },
                        ],
                    ),
                ),
                value: "| foo |\n|-----|\n| 1   |",
                viz: None,
            },
        ),
        Ok(
            TypedValue {
                type_: List(
                    Record(
                        [
                            Field {
                                name: "bar",
                                type_: List(
                                    Atom(
                                        Int64,
                                    ),
                                ),
                                nullable: true,
                            },
                        ],
                    ),
                ),
                value: "| bar       |\n|-----------|\n| [1, 2, 3] |",
                viz: None,
            },
        ),
        Ok(
            TypedValue {
                type_: List(
                    Record(
                        [
                            Field {
                                name: "baz",
                                type_: List(
                                    Atom(
                                        Utf8,
                                    ),
                                ),
                                nullable: true,
                            },
                        ],
                    ),
                ),
                value: "| baz       |\n|-----------|\n| [a, b, c] |",
                viz: None,
            },
        ),
        Ok(
            TypedValue {
                type_: List(
                    Record(
                        [
                            Field {
                                name: "[['a', 'b'], ['c', 'd']]",
                                type_: List(
                                    List(
                                        Atom(
                                            Utf8,
                                        ),
                                    ),
                                ),
                                nullable: true,
                            },
                        ],
                    ),
                ),
                value: "| [['a', 'b'], ['c', 'd']] |\n|--------------------------|\n| [[a, b], [c, d]]         |",
                viz: None,
            },
        ),
        Ok(
            TypedValue {
                type_: List(
                    Record(
                        [
                            Field {
                                name: "[['a', 'b'], ['c', 'd']]",
                                type_: List(
                                    List(
                                        Atom(
                                            Utf8,
                                        ),
                                    ),
                                ),
                                nullable: true,
                            },
                        ],
                    ),
                ),
                value: "| [['a', 'b'], ['c', 'd']] |\n|--------------------------|\n| [[a, b], [c, d]]         |",
                viz: None,
            },
        ),
        Ok(
            TypedValue {
                type_: List(
                    Atom(
                        Int64,
                    ),
                ),
                value: "[1, 2, 3]",
                viz: None,
            },
        ),
        Ok(
            TypedValue {
                type_: List(
                    Atom(
                        Utf8,
                    ),
                ),
                value: "[a, b, c]",
                viz: None,
            },
        ),
        Ok(
            TypedValue {
                type_: List(
                    List(
                        Atom(
                            Utf8,
                        ),
                    ),
                ),
                value: "[[a, b], [c, d]]",
                viz: None,
            },
        ),
        Ok(
            TypedValue {
                type_: List(
                    List(
                        Atom(
                            Utf8,
                        ),
                    ),
                ),
                value: "[[a, b], [c, d]]",
                viz: None,
            },
        ),
    ],
}