{
    "compile_errors": [],
    "decls": {
        "let events": [{
        	user_id Int32,
        	description Utf8,
        	ts Utf8,
        }],
        "let free_var": Int64,
        "let no_from": [{
        	free_var Int64,
        }],
        "let qualified_ts": [{
        	ts Utf8,
        }],
        "let qualified_ts_alias": [{
        	ts Utf8,
        }],
        "let star": [{
        	id Int32,
        	org_id Int32,
        	name Utf8,
        	active Boolean,
        }],
        "let unbound": [{
        	free_var Int64,
        }],
        "let unqualified_ts": [{
        	ts Utf8,
        }],
        "let unqualified_ts_alias": [{
        	ts Utf8,
        }],
        "let users": [{
        	id Int32,
        	org_id Int32,
        	name Utf8,
        	active Boolean,
        }],
        "type Event": {
        	user_id Int32,
        	description Utf8,
        	ts Utf8,
        },
        "type User": {
        	id Int32,
        	org_id Int32,
        	name Utf8,
        	active Boolean,
        },
    },
    "queries": [
        Ok(
            TypedValue {
                type_: List(
                    Record(
                        [
                            Field {
                                name: "a",
                                type_: Atom(
                                    Int32,
                                ),
                                nullable: true,
                            },
                            Field {
                                name: "a + 1",
                                type_: Atom(
                                    Int64,
                                ),
                                nullable: true,
                            },
                        ],
                    ),
                ),
                value: "| a | a + 1 |\n|---|-------|\n| 1 | 2     |\n| 2 | 3     |",
                viz: None,
            },
        ),
        Ok(
            TypedValue {
                type_: List(
                    Record(
                        [
                            Field {
                                name: "a",
                                type_: Atom(
                                    Int32,
                                ),
                                nullable: true,
                            },
                        ],
                    ),
                ),
                value: "| a |\n|---|\n| 1 |",
                viz: None,
            },
        ),
    ],
}