{
    "compile_errors": [],
    "decls": {
        "let users": [{
        	id Int32,
        	org_id Int32,
        	name Utf8,
        	active Boolean,
        }],
        "let users_q_upper": [{
        	ID Int32,
        	ORG_ID Int32,
        }],
        "let users_unq_upper": [{
        	ID Int32,
        	ORG_ID Int32,
        }],
    },
    "queries": [
        Ok(
            TypedValue {
                type_: List(
                    Record(
                        [
                            Field {
                                name: "id",
                                type_: Atom(
                                    Int32,
                                ),
                                nullable: true,
                            },
                            Field {
                                name: "org_id",
                                type_: Atom(
                                    Int32,
                                ),
                                nullable: true,
                            },
                        ],
                    ),
                ),
                value: "| id | org_id |\n|----|--------|\n| 1  | 1      |\n| 2  | 1      |",
                viz: None,
            },
        ),
        Ok(
            TypedValue {
                type_: List(
                    Record(
                        [
                            Field {
                                name: "Id",
                                type_: Atom(
                                    Int32,
                                ),
                                nullable: true,
                            },
                            Field {
                                name: "ORG_ID",
                                type_: Atom(
                                    Int32,
                                ),
                                nullable: true,
                            },
                        ],
                    ),
                ),
                value: "| Id | ORG_ID |\n|----|--------|\n| 1  | 1      |\n| 2  | 1      |",
                viz: None,
            },
        ),
        Ok(
            TypedValue {
                type_: List(
                    Record(
                        [
                            Field {
                                name: "Id",
                                type_: Atom(
                                    Int32,
                                ),
                                nullable: true,
                            },
                            Field {
                                name: "ORG_ID",
                                type_: Atom(
                                    Int32,
                                ),
                                nullable: true,
                            },
                        ],
                    ),
                ),
                value: "| Id | ORG_ID |\n|----|--------|\n| 1  | 1      |\n| 2  | 1      |",
                viz: None,
            },
        ),
        Ok(
            TypedValue {
                type_: List(
                    Record(
                        [
                            Field {
                                name: "ID",
                                type_: Atom(
                                    Int32,
                                ),
                                nullable: true,
                            },
                            Field {
                                name: "ORG_ID",
                                type_: Atom(
                                    Int32,
                                ),
                                nullable: true,
                            },
                        ],
                    ),
                ),
                value: "| ID | ORG_ID |\n|----|--------|\n| 1  | 1      |\n| 2  | 1      |",
                viz: None,
            },
        ),
        Ok(
            TypedValue {
                type_: List(
                    Record(
                        [
                            Field {
                                name: "ID",
                                type_: Atom(
                                    Int32,
                                ),
                                nullable: true,
                            },
                            Field {
                                name: "ORG_ID",
                                type_: Atom(
                                    Int32,
                                ),
                                nullable: true,
                            },
                        ],
                    ),
                ),
                value: "| ID | ORG_ID |\n|----|--------|\n| 1  | 1      |\n| 2  | 1      |",
                viz: None,
            },
        ),
        Ok(
            TypedValue {
                type_: List(
                    Record(
                        [
                            Field {
                                name: "id",
                                type_: Atom(
                                    Int32,
                                ),
                                nullable: true,
                            },
                            Field {
                                name: "org_id",
                                type_: Atom(
                                    Int32,
                                ),
                                nullable: true,
                            },
                        ],
                    ),
                ),
                value: "| id | org_id |\n|----|--------|\n| 1  | 1      |\n| 2  | 1      |",
                viz: None,
            },
        ),
        Ok(
            TypedValue {
                type_: List(
                    Record(
                        [
                            Field {
                                name: "Id",
                                type_: Atom(
                                    Int32,
                                ),
                                nullable: true,
                            },
                            Field {
                                name: "ORG_ID",
                                type_: Atom(
                                    Int32,
                                ),
                                nullable: true,
                            },
                        ],
                    ),
                ),
                value: "| Id | ORG_ID |\n|----|--------|\n| 1  | 1      |\n| 2  | 1      |",
                viz: None,
            },
        ),
        Ok(
            TypedValue {
                type_: List(
                    Record(
                        [
                            Field {
                                name: "Id",
                                type_: Atom(
                                    Int32,
                                ),
                                nullable: true,
                            },
                            Field {
                                name: "ORG_ID",
                                type_: Atom(
                                    Int32,
                                ),
                                nullable: true,
                            },
                        ],
                    ),
                ),
                value: "| Id | ORG_ID |\n|----|--------|\n| 1  | 1      |\n| 2  | 1      |",
                viz: None,
            },
        ),
        Ok(
            TypedValue {
                type_: List(
                    Record(
                        [
                            Field {
                                name: "ID",
                                type_: Atom(
                                    Int32,
                                ),
                                nullable: true,
                            },
                            Field {
                                name: "ORG_ID",
                                type_: Atom(
                                    Int32,
                                ),
                                nullable: true,
                            },
                        ],
                    ),
                ),
                value: "| ID | ORG_ID |\n|----|--------|\n| 1  | 1      |\n| 2  | 1      |",
                viz: None,
            },
        ),
        Ok(
            TypedValue {
                type_: List(
                    Record(
                        [
                            Field {
                                name: "ID",
                                type_: Atom(
                                    Int32,
                                ),
                                nullable: true,
                            },
                            Field {
                                name: "ORG_ID",
                                type_: Atom(
                                    Int32,
                                ),
                                nullable: true,
                            },
                        ],
                    ),
                ),
                value: "| ID | ORG_ID |\n|----|--------|\n| 1  | 1      |\n| 2  | 1      |",
                viz: None,
            },
        ),
        Ok(
            TypedValue {
                type_: List(
                    Record(
                        [
                            Field {
                                name: "ID",
                                type_: Atom(
                                    Int32,
                                ),
                                nullable: true,
                            },
                            Field {
                                name: "NUM_USERS",
                                type_: Atom(
                                    Int64,
                                ),
                                nullable: true,
                            },
                        ],
                    ),
                ),
                value: "| ID | NUM_USERS |\n|----|-----------|\n| 1  | 2         |\n| 2  | 2         |",
                viz: None,
            },
        ),
        Ok(
            TypedValue {
                type_: List(
                    Record(
                        [
                            Field {
                                name: "ID",
                                type_: Atom(
                                    Int32,
                                ),
                                nullable: true,
                            },
                            Field {
                                name: "NUM_USERS",
                                type_: Atom(
                                    Int64,
                                ),
                                nullable: true,
                            },
                        ],
                    ),
                ),
                value: "| ID | NUM_USERS |\n|----|-----------|\n| 1  | 2         |\n| 2  | 2         |",
                viz: None,
            },
        ),
        Ok(
            TypedValue {
                type_: List(
                    Record(
                        [
                            Field {
                                name: "ID",
                                type_: Atom(
                                    Int32,
                                ),
                                nullable: true,
                            },
                            Field {
                                name: "NUM_USERS",
                                type_: Atom(
                                    Int64,
                                ),
                                nullable: true,
                            },
                        ],
                    ),
                ),
                value: "| ID | NUM_USERS |\n|----|-----------|\n| 1  | 2         |\n| 2  | 2         |",
                viz: None,
            },
        ),
    ],
}