{
    "compile_errors": [],
    "decls": {
        "let id_types": [Utf8],
        "let loop_fixed": λ {
        	fields [Utf8],
        } -> [{
        	id Int32,
        }],
        "let loop_generic": ∀ "__Return", "R" λ {
        	fields [Utf8],
        	t "R",
        } -> "__Return",
        "let numbers": [Utf8],
        "let slices": [Utf8],
        "let strings": [Utf8],
        "let users": [{
        	id Int32,
        	org_id Int32,
        	name Utf8,
        	active Boolean,
        }],
    },
    "queries": [
        Ok(
            TypedValue {
                type_: List(
                    Record(
                        [
                            Field {
                                name: "id",
                                type_: Atom(
                                    Int32,
                                ),
                                nullable: true,
                            },
                            Field {
                                name: "org_id",
                                type_: Atom(
                                    Int32,
                                ),
                                nullable: true,
                            },
                        ],
                    ),
                ),
                value: "| id | org_id |\n|----|--------|\n| 1  | 1      |\n| 2  | 1      |",
                viz: None,
            },
        ),
        Ok(
            TypedValue {
                type_: List(
                    Record(
                        [
                            Field {
                                name: "item",
                                type_: Atom(
                                    Int32,
                                ),
                                nullable: true,
                            },
                            Field {
                                name: "item",
                                type_: Atom(
                                    Int32,
                                ),
                                nullable: true,
                            },
                        ],
                    ),
                ),
                value: "| item | item |\n|------|------|\n| 1    | 1    |\n| 2    | 1    |",
                viz: None,
            },
        ),
        Ok(
            TypedValue {
                type_: List(
                    Record(
                        [
                            Field {
                                name: "id",
                                type_: Atom(
                                    Int32,
                                ),
                                nullable: true,
                            },
                            Field {
                                name: "org_id",
                                type_: Atom(
                                    Int32,
                                ),
                                nullable: true,
                            },
                            Field {
                                name: "name",
                                type_: Atom(
                                    Utf8,
                                ),
                                nullable: true,
                            },
                            Field {
                                name: "active",
                                type_: Atom(
                                    Boolean,
                                ),
                                nullable: true,
                            },
                            Field {
                                name: "id",
                                type_: Atom(
                                    Int32,
                                ),
                                nullable: true,
                            },
                            Field {
                                name: "org_id",
                                type_: Atom(
                                    Int32,
                                ),
                                nullable: true,
                            },
                            Field {
                                name: "name",
                                type_: Atom(
                                    Utf8,
                                ),
                                nullable: true,
                            },
                            Field {
                                name: "active",
                                type_: Atom(
                                    Boolean,
                                ),
                                nullable: true,
                            },
                        ],
                    ),
                ),
                value: "| id | org_id | name | active | id | org_id | name | active |\n|----|--------|------|--------|----|--------|------|--------|\n| 1  | 1      | Foo  | true   | 1  | 1      | Foo  | true   |\n| 2  | 1      | Bar  | false  | 2  | 1      | Bar  | false  |",
                viz: None,
            },
        ),
        Ok(
            TypedValue {
                type_: List(
                    Record(
                        [
                            Field {
                                name: "id",
                                type_: Atom(
                                    Int32,
                                ),
                                nullable: true,
                            },
                            Field {
                                name: "\"users\".\"id\" + 1",
                                type_: Atom(
                                    Int64,
                                ),
                                nullable: true,
                            },
                            Field {
                                name: "org_id",
                                type_: Atom(
                                    Int32,
                                ),
                                nullable: true,
                            },
                            Field {
                                name: "\"users\".\"org_id\" + 1",
                                type_: Atom(
                                    Int64,
                                ),
                                nullable: true,
                            },
                        ],
                    ),
                ),
                value: "| id | \"users\".\"id\" + 1 | org_id | \"users\".\"org_id\" + 1 |\n|----|------------------|--------|----------------------|\n| 1  | 2                | 1      | 2                    |\n| 2  | 3                | 1      | 2                    |",
                viz: None,
            },
        ),
        Ok(
            TypedValue {
                type_: List(
                    Record(
                        [
                            Field {
                                name: "CAST(1 AS BIGINT)",
                                type_: Atom(
                                    Int64,
                                ),
                                nullable: true,
                            },
                            Field {
                                name: "CAST(2 AS BIGINT)",
                                type_: Atom(
                                    Int64,
                                ),
                                nullable: true,
                            },
                        ],
                    ),
                ),
                value: "| CAST(1 AS BIGINT) | CAST(2 AS BIGINT) |\n|-------------------|-------------------|\n| 1                 | 2                 |\n| 1                 | 2                 |",
                viz: None,
            },
        ),
        Ok(
            TypedValue {
                type_: List(
                    Record(
                        [
                            Field {
                                name: "'month'",
                                type_: Atom(
                                    Utf8,
                                ),
                                nullable: true,
                            },
                            Field {
                                name: "'day'",
                                type_: Atom(
                                    Utf8,
                                ),
                                nullable: true,
                            },
                        ],
                    ),
                ),
                value: "| 'month' | 'day' |\n|---------|-------|\n| month   | day   |",
                viz: None,
            },
        ),
        Ok(
            TypedValue {
                type_: List(
                    Record(
                        [
                            Field {
                                name: "metric_id",
                                type_: Atom(
                                    Int32,
                                ),
                                nullable: true,
                            },
                            Field {
                                name: "metric_org_id",
                                type_: Atom(
                                    Int32,
                                ),
                                nullable: true,
                            },
                        ],
                    ),
                ),
                value: "| metric_id | metric_org_id |\n|-----------|---------------|\n| 1         | 1             |\n| 2         | 1             |",
                viz: None,
            },
        ),
        Ok(
            TypedValue {
                type_: List(
                    Atom(
                        Utf8,
                    ),
                ),
                value: "[id, org_id]",
                viz: None,
            },
        ),
        Ok(
            TypedValue {
                type_: List(
                    Record(
                        [
                            Field {
                                name: "strings",
                                type_: List(
                                    Atom(
                                        Utf8,
                                    ),
                                ),
                                nullable: true,
                            },
                        ],
                    ),
                ),
                value: "| strings      |\n|--------------|\n| [id, org_id] |",
                viz: None,
            },
        ),
        Ok(
            TypedValue {
                type_: List(
                    Atom(
                        Utf8,
                    ),
                ),
                value: "[id, org_id]",
                viz: None,
            },
        ),
        Ok(
            TypedValue {
                type_: List(
                    Record(
                        [
                            Field {
                                name: "numbers",
                                type_: List(
                                    Atom(
                                        Utf8,
                                    ),
                                ),
                                nullable: true,
                            },
                        ],
                    ),
                ),
                value: "| numbers      |\n|--------------|\n| [id, org_id] |",
                viz: None,
            },
        ),
        Ok(
            TypedValue {
                type_: List(
                    Record(
                        [
                            Field {
                                name: "'id'",
                                type_: Atom(
                                    Utf8,
                                ),
                                nullable: true,
                            },
                            Field {
                                name: "'org_id'",
                                type_: Atom(
                                    Utf8,
                                ),
                                nullable: true,
                            },
                        ],
                    ),
                ),
                value: "| 'id' | 'org_id' |\n|------|----------|\n| id   | org_id   |\n| id   | org_id   |",
                viz: None,
            },
        ),
        Ok(
            TypedValue {
                type_: List(
                    Record(
                        [
                            Field {
                                name: "'id'",
                                type_: Atom(
                                    Utf8,
                                ),
                                nullable: true,
                            },
                            Field {
                                name: "'org_id'",
                                type_: Atom(
                                    Utf8,
                                ),
                                nullable: true,
                            },
                        ],
                    ),
                ),
                value: "| 'id' | 'org_id' |\n|------|----------|\n| id   | org_id   |\n| id   | org_id   |",
                viz: None,
            },
        ),
        Ok(
            TypedValue {
                type_: List(
                    Record(
                        [
                            Field {
                                name: "id",
                                type_: Atom(
                                    Int32,
                                ),
                                nullable: true,
                            },
                            Field {
                                name: "org_id",
                                type_: Atom(
                                    Int32,
                                ),
                                nullable: true,
                            },
                        ],
                    ),
                ),
                value: "| id | org_id |\n|----|--------|\n| 1  | 1      |\n| 2  | 1      |",
                viz: None,
            },
        ),
        Ok(
            TypedValue {
                type_: List(
                    Record(
                        [
                            Field {
                                name: "id",
                                type_: Atom(
                                    Int32,
                                ),
                                nullable: true,
                            },
                            Field {
                                name: "org_id",
                                type_: Atom(
                                    Int32,
                                ),
                                nullable: true,
                            },
                        ],
                    ),
                ),
                value: "| id | org_id |\n|----|--------|\n| 1  | 1      |\n| 2  | 1      |",
                viz: None,
            },
        ),
        Ok(
            TypedValue {
                type_: List(
                    Record(
                        [
                            Field {
                                name: "id",
                                type_: Atom(
                                    Int32,
                                ),
                                nullable: true,
                            },
                            Field {
                                name: "org_id",
                                type_: Atom(
                                    Int32,
                                ),
                                nullable: true,
                            },
                        ],
                    ),
                ),
                value: "| id | org_id |\n|----|--------|\n| 1  | 1      |\n| 2  | 1      |",
                viz: None,
            },
        ),
        Ok(
            TypedValue {
                type_: List(
                    Record(
                        [
                            Field {
                                name: "foo",
                                type_: Atom(
                                    Utf8,
                                ),
                                nullable: true,
                            },
                        ],
                    ),
                ),
                value: "| foo    |\n|--------|\n| id     |\n| org_id |",
                viz: None,
            },
        ),
        Ok(
            TypedValue {
                type_: List(
                    Record(
                        [
                            Field {
                                name: "id",
                                type_: Atom(
                                    Int32,
                                ),
                                nullable: true,
                            },
                        ],
                    ),
                ),
                value: "| id |\n|----|\n| 1  |\n| 2  |",
                viz: None,
            },
        ),
        Ok(
            TypedValue {
                type_: List(
                    Record(
                        [
                            Field {
                                name: "id",
                                type_: Atom(
                                    Int32,
                                ),
                                nullable: true,
                            },
                            Field {
                                name: "org_id",
                                type_: Atom(
                                    Int32,
                                ),
                                nullable: true,
                            },
                        ],
                    ),
                ),
                value: "| id | org_id |\n|----|--------|\n| 1  | 1      |\n| 2  | 1      |",
                viz: None,
            },
        ),
    ],
}