{
    "compile_errors": [],
    "decls": {
        "let events": External<[{
        	user_id UInt64,
        	description Utf8,
        	ts Date32,
        }]>,
        "let users": External<[{
        	id UInt64,
        	org_id UInt64,
        	name Utf8,
        	active Boolean,
        }]>,
    },
    "queries": [
        Ok(
            TypedValue {
                type_: List(
                    Record(
                        [
                            Field {
                                name: "min(id)",
                                type_: Atom(
                                    UInt64,
                                ),
                                nullable: true,
                            },
                        ],
                    ),
                ),
                value: "| min(id) |\n|---------|\n| 1       |",
                viz: None,
            },
        ),
        Ok(
            TypedValue {
                type_: List(
                    Record(
                        [
                            Field {
                                name: "max(id)",
                                type_: Atom(
                                    UInt64,
                                ),
                                nullable: true,
                            },
                        ],
                    ),
                ),
                value: "| max(id) |\n|---------|\n| 2       |",
                viz: None,
            },
        ),
        Ok(
            TypedValue {
                type_: List(
                    Record(
                        [
                            Field {
                                name: "count(id)",
                                type_: Atom(
                                    Int64,
                                ),
                                nullable: true,
                            },
                        ],
                    ),
                ),
                value: "| count(id) |\n|-----------|\n| 2         |",
                viz: None,
            },
        ),
        Ok(
            TypedValue {
                type_: List(
                    Record(
                        [
                            Field {
                                name: "count(*)",
                                type_: Atom(
                                    Int64,
                                ),
                                nullable: true,
                            },
                        ],
                    ),
                ),
                value: "| count(*) |\n|----------|\n| 2        |",
                viz: None,
            },
        ),
        Ok(
            TypedValue {
                type_: List(
                    Record(
                        [
                            Field {
                                name: "sum(id)",
                                type_: Atom(
                                    Decimal128(
                                        38,
                                        0,
                                    ),
                                ),
                                nullable: true,
                            },
                        ],
                    ),
                ),
                value: "| sum(id) |\n|---------|\n| 3       |",
                viz: None,
            },
        ),
        Ok(
            TypedValue {
                type_: List(
                    Record(
                        [
                            Field {
                                name: "avg(id)",
                                type_: Atom(
                                    Float64,
                                ),
                                nullable: true,
                            },
                        ],
                    ),
                ),
                value: "| avg(id) |\n|---------|\n| 1.5     |",
                viz: None,
            },
        ),
        Ok(
            TypedValue {
                type_: List(
                    Record(
                        [
                            Field {
                                name: "ARRAY_AGG(id)",
                                type_: List(
                                    Atom(
                                        UInt64,
                                    ),
                                ),
                                nullable: true,
                            },
                        ],
                    ),
                ),
                value: "| ARRAY_AGG(id) |\n|---------------|\n| [1, 2]        |",
                viz: None,
            },
        ),
        Ok(
            TypedValue {
                type_: List(
                    Record(
                        [
                            Field {
                                name: "concat(CAST(id AS TEXT), 'a')",
                                type_: Atom(
                                    Utf8,
                                ),
                                nullable: true,
                            },
                        ],
                    ),
                ),
                value: "| concat(CAST(id AS TEXT), 'a') |\n|-------------------------------|\n| 1a                            |\n| 2a                            |",
                viz: None,
            },
        ),
        Ok(
            TypedValue {
                type_: List(
                    Record(
                        [
                            Field {
                                name: "concat(CAST(id AS TEXT), 'a', 'b')",
                                type_: Atom(
                                    Utf8,
                                ),
                                nullable: true,
                            },
                        ],
                    ),
                ),
                value: "| concat(CAST(id AS TEXT), 'a', 'b') |\n|------------------------------------|\n| 1ab                                |\n| 2ab                                |",
                viz: None,
            },
        ),
        Ok(
            TypedValue {
                type_: List(
                    Record(
                        [
                            Field {
                                name: "concat(CAST(id AS TEXT), 'a', 'b', 'c')",
                                type_: Atom(
                                    Utf8,
                                ),
                                nullable: true,
                            },
                        ],
                    ),
                ),
                value: "| concat(CAST(id AS TEXT), 'a', 'b', 'c') |\n|-----------------------------------------|\n| 1abc                                    |\n| 2abc                                    |",
                viz: None,
            },
        ),
        Err(
            Unimplemented {
                what: "Function parameters",
                backtrace: None,
            },
        ),
    ],
}