{
    "compile_errors": [],
    "decls": {
        "let complex_expr": [{
        	id UInt64,
        	org_id UInt64,
        	name Utf8,
        	active Boolean,
        	id > 0 OR active Boolean,
        	max_user UInt64,
        }],
        "let events": External<[{
        	user_id UInt64,
        	description Utf8,
        	ts Date32,
        }]>,
        "let users": External<[{
        	id UInt64,
        	org_id UInt64,
        	name Utf8,
        	active Boolean,
        }]>,
    },
    "queries": [
        Ok(
            TypedValue {
                type_: List(
                    Record(
                        [
                            Field {
                                name: "id",
                                type_: Atom(
                                    UInt64,
                                ),
                                nullable: true,
                            },
                            Field {
                                name: "org_id",
                                type_: Atom(
                                    UInt64,
                                ),
                                nullable: true,
                            },
                            Field {
                                name: "name",
                                type_: Atom(
                                    Utf8,
                                ),
                                nullable: true,
                            },
                            Field {
                                name: "active",
                                type_: Atom(
                                    Boolean,
                                ),
                                nullable: true,
                            },
                            Field {
                                name: "id > 0 OR active",
                                type_: Atom(
                                    Boolean,
                                ),
                                nullable: true,
                            },
                            Field {
                                name: "max_user",
                                type_: Atom(
                                    UInt64,
                                ),
                                nullable: true,
                            },
                        ],
                    ),
                ),
                value: "| id | org_id | name | active | id > 0 OR active | max_user |",
                viz: None,
            },
        ),
    ],
}