{
    "compile_errors": [
        (
            None,
            DuplicateEntry {
                path: [
                    "id",
                ],
                backtrace: None,
            },
        ),
        (
            None,
            DuplicateEntry {
                path: [
                    "id",
                ],
                backtrace: None,
            },
        ),
        (
            None,
            RuntimeError {
                source: DuckDBError {
                    source: DuckDBFailure(
                        Error {
                            code: Unknown,
                            extended_code: 1,
                        },
                        Some(
                            "Binder Error: Duplicate alias \"users\" in query!",
                        ),
                    ),
                    backtrace: None,
                },
                loc: Unknown,
            },
        ),
        (
            None,
            DuplicateEntry {
                path: [
                    "a",
                ],
                backtrace: None,
            },
        ),
    ],
    "decls": {
        "let events": [{
        	user_id Int32,
        	description Utf8,
        	ts Utf8,
        }],
        "let users": [{
        	id Int32,
        	org_id Int32,
        	name Utf8,
        	active Boolean,
        }],
        "type Event": {
        	user_id Int32,
        	description Utf8,
        	ts Utf8,
        },
        "type User": {
        	id Int32,
        	org_id Int32,
        	name Utf8,
        	active Boolean,
        },
    },
    "queries": [
        Ok(
            TypedValue {
                type_: List(
                    Record(
                        [
                            Field {
                                name: "count_star()",
                                type_: Atom(
                                    Int64,
                                ),
                                nullable: true,
                            },
                        ],
                    ),
                ),
                value: "| count_star() |\n|--------------|\n| 2            |",
                viz: None,
            },
        ),
        Ok(
            TypedValue {
                type_: List(
                    Record(
                        [
                            Field {
                                name: "count(1)",
                                type_: Atom(
                                    Int64,
                                ),
                                nullable: true,
                            },
                        ],
                    ),
                ),
                value: "| count(1) |\n|----------|\n| 2        |",
                viz: None,
            },
        ),
        Ok(
            TypedValue {
                type_: List(
                    Record(
                        [
                            Field {
                                name: "count(DISTINCT org_id)",
                                type_: Atom(
                                    Int64,
                                ),
                                nullable: true,
                            },
                        ],
                    ),
                ),
                value: "| count(DISTINCT org_id) |\n|------------------------|\n| 1                      |",
                viz: None,
            },
        ),
        Ok(
            TypedValue {
                type_: List(
                    Record(
                        [
                            Field {
                                name: "id",
                                type_: Atom(
                                    UInt64,
                                ),
                                nullable: true,
                            },
                            Field {
                                name: "org_id",
                                type_: Atom(
                                    UInt64,
                                ),
                                nullable: true,
                            },
                            Field {
                                name: "name",
                                type_: Atom(
                                    Utf8,
                                ),
                                nullable: true,
                            },
                            Field {
                                name: "active",
                                type_: Atom(
                                    Boolean,
                                ),
                                nullable: true,
                            },
                            Field {
                                name: "user_id",
                                type_: Atom(
                                    UInt64,
                                ),
                                nullable: true,
                            },
                            Field {
                                name: "description",
                                type_: Atom(
                                    Utf8,
                                ),
                                nullable: true,
                            },
                            Field {
                                name: "ts",
                                type_: Atom(
                                    Date32,
                                ),
                                nullable: true,
                            },
                        ],
                    ),
                ),
                value: "| id | org_id | name | active | user_id | description | ts         |\n|----|--------|------|--------|---------|-------------|------------|\n| 1  | 1      | Foo  | true   | 1       | Loren Ipsum | 2020-01-01 |\n| 1  | 1      | Foo  | true   | 1       | Foo Bar     | 2020-01-02 |\n| 1  | 1      | Foo  | true   | 2       | Bing Baz    | 2020-01-03 |\n| 1  | 1      | Foo  | true   | 2       | Woo Hoo     | 2020-01-04 |\n| 2  | 1      | Bar  | false  | 1       | Loren Ipsum | 2020-01-01 |\n| 2  | 1      | Bar  | false  | 1       | Foo Bar     | 2020-01-02 |\n| 2  | 1      | Bar  | false  | 2       | Bing Baz    | 2020-01-03 |\n| 2  | 1      | Bar  | false  | 2       | Woo Hoo     | 2020-01-04 |",
                viz: None,
            },
        ),
        Err(
            StringError {
                what: "Unknown type cannot exist at runtime (?unsafe expr?)",
                backtrace: None,
            },
        ),
        Err(
            StringError {
                what: "Unknown type cannot exist at runtime (?unsafe expr?)",
                backtrace: None,
            },
        ),
        Ok(
            TypedValue {
                type_: List(
                    Record(
                        [
                            Field {
                                name: "id",
                                type_: Atom(
                                    UInt64,
                                ),
                                nullable: true,
                            },
                        ],
                    ),
                ),
                value: "| id |\n|----|\n| 1  |\n| 2  |",
                viz: None,
            },
        ),
        Ok(
            TypedValue {
                type_: List(
                    Record(
                        [
                            Field {
                                name: "id",
                                type_: Atom(
                                    UInt64,
                                ),
                                nullable: true,
                            },
                            Field {
                                name: "org_id",
                                type_: Atom(
                                    UInt64,
                                ),
                                nullable: true,
                            },
                            Field {
                                name: "name",
                                type_: Atom(
                                    Utf8,
                                ),
                                nullable: true,
                            },
                            Field {
                                name: "active",
                                type_: Atom(
                                    Boolean,
                                ),
                                nullable: true,
                            },
                        ],
                    ),
                ),
                value: "| id | org_id | name | active |\n|----|--------|------|--------|\n| 1  | 1      | Foo  | true   |\n| 2  | 1      | Bar  | false  |",
                viz: None,
            },
        ),
        Err(
            StringError {
                what: "Unknown type cannot exist at runtime (?unsafe expr?)",
                backtrace: None,
            },
        ),
        Err(
            StringError {
                what: "Unknown type cannot exist at runtime (?unsafe expr?)",
                backtrace: None,
            },
        ),
    ],
}