{
    "compile_errors": [],
    "decls": {
        "let airports": [{
        	id Int64,
        	code Utf8,
        	site_number Utf8,
        	fac_type Utf8,
        	fac_use Utf8,
        	faa_region Utf8,
        	faa_dist Utf8,
        	city Utf8,
        	county Utf8,
        	state Utf8,
        	full_name Utf8,
        	own_type Utf8,
        	longitude Float64,
        	latitude Float64,
        	elevation Int64,
        	aero_cht Utf8,
        	cbd_dist Int64,
        	cbd_dir Utf8,
        	act_date Utf8,
        	cert Utf8,
        	fed_agree Utf8,
        	cust_intl Utf8,
        	c_ldg_rts Utf8,
        	joint_use Utf8,
        	mil_rts Utf8,
        	cntl_twr Utf8,
        	major Utf8,
        }],
        "let airports_by_region_dashboard": [{
        	faa_region Utf8,
        	airport_count Int64,
        	by_facility_type [{
        	fac_type Utf8,
        	airport_count Int64,
        	avg_elevation Float64,
        }],
        	by_state_shape_map [{
        	state Utf8,
        	airport_count Int64,
        }],
        }],
        "let by_facility_type": λ {
        	a2 [{
        	id Int64,
        	code Utf8,
        	site_number Utf8,
        	fac_type Utf8,
        	fac_use Utf8,
        	faa_region Utf8,
        	faa_dist Utf8,
        	city Utf8,
        	county Utf8,
        	state Utf8,
        	full_name Utf8,
        	own_type Utf8,
        	longitude Float64,
        	latitude Float64,
        	elevation Int64,
        	aero_cht Utf8,
        	cbd_dist Int64,
        	cbd_dir Utf8,
        	act_date Utf8,
        	cert Utf8,
        	fed_agree Utf8,
        	cust_intl Utf8,
        	c_ldg_rts Utf8,
        	joint_use Utf8,
        	mil_rts Utf8,
        	cntl_twr Utf8,
        	major Utf8,
        }],
        } -> [{
        	fac_type Utf8,
        	airport_count Int64,
        	avg_elevation Float64,
        }],
        "let by_region_dashboard": λ {
        	a3 [{
        	id Int64,
        	code Utf8,
        	site_number Utf8,
        	fac_type Utf8,
        	fac_use Utf8,
        	faa_region Utf8,
        	faa_dist Utf8,
        	city Utf8,
        	county Utf8,
        	state Utf8,
        	full_name Utf8,
        	own_type Utf8,
        	longitude Float64,
        	latitude Float64,
        	elevation Int64,
        	aero_cht Utf8,
        	cbd_dist Int64,
        	cbd_dir Utf8,
        	act_date Utf8,
        	cert Utf8,
        	fed_agree Utf8,
        	cust_intl Utf8,
        	c_ldg_rts Utf8,
        	joint_use Utf8,
        	mil_rts Utf8,
        	cntl_twr Utf8,
        	major Utf8,
        }],
        } -> [{
        	faa_region Utf8,
        	airport_count Int64,
        	by_facility_type [{
        	fac_type Utf8,
        	airport_count Int64,
        	avg_elevation Float64,
        }],
        	by_state_shape_map [{
        	state Utf8,
        	airport_count Int64,
        }],
        }],
        "let by_state": λ {
        	a1 [{
        	id Int64,
        	code Utf8,
        	site_number Utf8,
        	fac_type Utf8,
        	fac_use Utf8,
        	faa_region Utf8,
        	faa_dist Utf8,
        	city Utf8,
        	county Utf8,
        	state Utf8,
        	full_name Utf8,
        	own_type Utf8,
        	longitude Float64,
        	latitude Float64,
        	elevation Int64,
        	aero_cht Utf8,
        	cbd_dist Int64,
        	cbd_dir Utf8,
        	act_date Utf8,
        	cert Utf8,
        	fed_agree Utf8,
        	cust_intl Utf8,
        	c_ldg_rts Utf8,
        	joint_use Utf8,
        	mil_rts Utf8,
        	cntl_twr Utf8,
        	major Utf8,
        }],
        } -> [{
        	state Utf8,
        	airport_count Int64,
        }],
        "type Airport": {
        	id Int64,
        	code Utf8,
        	site_number Utf8,
        	fac_type Utf8,
        	fac_use Utf8,
        	faa_region Utf8,
        	faa_dist Utf8,
        	city Utf8,
        	county Utf8,
        	state Utf8,
        	full_name Utf8,
        	own_type Utf8,
        	longitude Float64,
        	latitude Float64,
        	elevation Int64,
        	aero_cht Utf8,
        	cbd_dist Int64,
        	cbd_dir Utf8,
        	act_date Utf8,
        	cert Utf8,
        	fed_agree Utf8,
        	cust_intl Utf8,
        	c_ldg_rts Utf8,
        	joint_use Utf8,
        	mil_rts Utf8,
        	cntl_twr Utf8,
        	major Utf8,
        },
    },
    "queries": [
        Ok(
            TypedValue {
                type_: List(
                    Record(
                        [
                            Field {
                                name: "state",
                                type_: Atom(
                                    Utf8,
                                ),
                                nullable: true,
                            },
                            Field {
                                name: "airport_count",
                                type_: Atom(
                                    Int64,
                                ),
                                nullable: true,
                            },
                        ],
                    ),
                ),
                value: "| state | airport_count |\n|-------|---------------|\n| AK    | 608           |\n| AL    | 260           |\n| AR    | 299           |\n| AS    | 4             |\n| AZ    | 319           |\n| CA    | 984           |\n| CO    | 425           |\n| CQ    | 11            |\n| CT    | 153           |\n| DC    | 20            |\n| DE    | 42            |\n| FL    | 856           |\n| GA    | 440           |\n| GU    | 3             |\n| HI    | 52            |\n| IA    | 319           |\n| ID    | 238           |\n| IL    | 890           |\n| IN    | 643           |\n| KS    | 415           |\n| KY    | 202           |\n| LA    | 500           |\n| MA    | 225           |\n| MD    | 229           |\n| ME    | 164           |\n| MI    | 489           |\n| MN    | 507           |\n| MO    | 537           |\n| MQ    | 1             |\n| MS    | 243           |\n| MT    | 259           |\n| NC    | 400           |\n| ND    | 436           |\n| NE    | 308           |\n| NH    | 112           |\n| NJ    | 378           |\n| NM    | 181           |\n| NV    | 128           |\n| NY    | 576           |\n| OH    | 749           |\n| OK    | 443           |\n| OR    | 441           |\n| PA    | 804           |\n| PR    | 40            |\n| RI    | 28            |\n| SC    | 189           |\n| SD    | 180           |\n| TN    | 285           |\n| TX    | 1845          |\n| UT    | 140           |\n| VA    | 421           |\n| VI    | 9             |\n| VT    | 81            |\n| WA    | 484           |\n| WI    | 543           |\n| WQ    | 1             |\n| WV    | 116           |\n| WY    | 115           |",
                viz: None,
            },
        ),
        Ok(
            TypedValue {
                type_: List(
                    Record(
                        [
                            Field {
                                name: "fac_type",
                                type_: Atom(
                                    Utf8,
                                ),
                                nullable: true,
                            },
                            Field {
                                name: "airport_count",
                                type_: Atom(
                                    Int64,
                                ),
                                nullable: true,
                            },
                            Field {
                                name: "avg_elevation",
                                type_: Atom(
                                    Float64,
                                ),
                                nullable: true,
                            },
                        ],
                    ),
                ),
                value: "| fac_type      | airport_count | avg_elevation      |\n|---------------|---------------|--------------------|\n| AIRPORT       | 13925         | 1237.0441651705567 |\n| BALLOONPORT   | 12            | 1047.25            |\n| GLIDERPORT    | 37            | 1611.4054054054054 |\n| HELIPORT      | 5135          | 950.5125608568646  |\n| SEAPLANE BASE | 473           | 488.82241014799155 |\n| STOLPORT      | 86            | 1375.046511627907  |\n| ULTRALIGHT    | 125           | 806.144            |",
                viz: None,
            },
        ),
        Ok(
            TypedValue {
                type_: List(
                    Record(
                        [
                            Field {
                                name: "faa_region",
                                type_: Atom(
                                    Utf8,
                                ),
                                nullable: true,
                            },
                            Field {
                                name: "airport_count",
                                type_: Atom(
                                    Int64,
                                ),
                                nullable: true,
                            },
                            Field {
                                name: "by_facility_type",
                                type_: List(
                                    Record(
                                        [
                                            Field {
                                                name: "fac_type",
                                                type_: Atom(
                                                    Utf8,
                                                ),
                                                nullable: true,
                                            },
                                            Field {
                                                name: "airport_count",
                                                type_: Atom(
                                                    Int64,
                                                ),
                                                nullable: true,
                                            },
                                            Field {
                                                name: "avg_elevation",
                                                type_: Atom(
                                                    Float64,
                                                ),
                                                nullable: true,
                                            },
                                        ],
                                    ),
                                ),
                                nullable: true,
                            },
                            Field {
                                name: "by_state_shape_map",
                                type_: List(
                                    Record(
                                        [
                                            Field {
                                                name: "state",
                                                type_: Atom(
                                                    Utf8,
                                                ),
                                                nullable: true,
                                            },
                                            Field {
                                                name: "airport_count",
                                                type_: Atom(
                                                    Int64,
                                                ),
                                                nullable: true,
                                            },
                                        ],
                                    ),
                                ),
                                nullable: true,
                            },
                        ],
                    ),
                ),
                value: "| faa_region | airport_count | by_facility_type                                                                                                                                                                                                                                                                                                                                                                                                                                                                                                                                | by_state_shape_map                                                                                                                                                                                                                                                                                                                      |\n|------------|---------------|-------------------------------------------------------------------------------------------------------------------------------------------------------------------------------------------------------------------------------------------------------------------------------------------------------------------------------------------------------------------------------------------------------------------------------------------------------------------------------------------------------------------------------------------------|-----------------------------------------------------------------------------------------------------------------------------------------------------------------------------------------------------------------------------------------------------------------------------------------------------------------------------------------|\n| null       | 23            | [{fac_type: AIRPORT, airport_count: 23, avg_elevation: 18.26086956521739}]                                                                                                                                                                                                                                                                                                                                                                                                                                                                      | null                                                                                                                                                                                                                                                                                                                                    |\n| AAL        | 608           | [{fac_type: AIRPORT, airport_count: 474, avg_elevation: 503.65822784810126}, {fac_type: HELIPORT, airport_count: 30, avg_elevation: 284.06666666666666}, {fac_type: SEAPLANE BASE, airport_count: 104, avg_elevation: 132.04807692307693}]                                                                                                                                                                                                                                                                                                      | [{state: AK, airport_count: 608}]                                                                                                                                                                                                                                                                                                       |\n| ACE        | 1579          | [{fac_type: AIRPORT, airport_count: 1278, avg_elevation: 1421.0226917057903}, {fac_type: BALLOONPORT, airport_count: 1, avg_elevation: 1250.0}, {fac_type: GLIDERPORT, airport_count: 2, avg_elevation: 2088.5}, {fac_type: HELIPORT, airport_count: 282, avg_elevation: 982.968085106383}, {fac_type: SEAPLANE BASE, airport_count: 5, avg_elevation: 978.8}, {fac_type: STOLPORT, airport_count: 4, avg_elevation: 903.0}, {fac_type: ULTRALIGHT, airport_count: 7, avg_elevation: 1015.1428571428571}]                                       | [{state: IA, airport_count: 319}, {state: KS, airport_count: 415}, {state: MO, airport_count: 537}, {state: NE, airport_count: 308}]                                                                                                                                                                                                    |\n| AEA        | 2586          | [{fac_type: AIRPORT, airport_count: 1525, avg_elevation: 748.7429508196722}, {fac_type: BALLOONPORT, airport_count: 3, avg_elevation: 326.6666666666667}, {fac_type: GLIDERPORT, airport_count: 7, avg_elevation: 1086.2857142857142}, {fac_type: HELIPORT, airport_count: 964, avg_elevation: 499.79253112033194}, {fac_type: SEAPLANE BASE, airport_count: 61, avg_elevation: 449.21311475409834}, {fac_type: STOLPORT, airport_count: 8, avg_elevation: 707.0}, {fac_type: ULTRALIGHT, airport_count: 18, avg_elevation: 940.3888888888889}] | [{state: DC, airport_count: 20}, {state: DE, airport_count: 42}, {state: MD, airport_count: 229}, {state: NJ, airport_count: 378}, {state: NY, airport_count: 576}, {state: PA, airport_count: 804}, {state: VA, airport_count: 421}, {state: WV, airport_count: 116}]                                                                  |\n| AGL        | 4437          | [{fac_type: AIRPORT, airport_count: 3443, avg_elevation: 1013.9262271275051}, {fac_type: BALLOONPORT, airport_count: 4, avg_elevation: 941.75}, {fac_type: GLIDERPORT, airport_count: 4, avg_elevation: 808.75}, {fac_type: HELIPORT, airport_count: 826, avg_elevation: 861.3414043583535}, {fac_type: SEAPLANE BASE, airport_count: 119, avg_elevation: 1029.3529411764705}, {fac_type: STOLPORT, airport_count: 11, avg_elevation: 865.3636363636364}, {fac_type: ULTRALIGHT, airport_count: 30, avg_elevation: 742.3666666666667}]          | [{state: IL, airport_count: 890}, {state: IN, airport_count: 643}, {state: MI, airport_count: 489}, {state: MN, airport_count: 507}, {state: ND, airport_count: 436}, {state: OH, airport_count: 749}, {state: SD, airport_count: 180}, {state: WI, airport_count: 543}]                                                                |\n| ANE        | 763           | [{fac_type: AIRPORT, airport_count: 362, avg_elevation: 468.01657458563534}, {fac_type: BALLOONPORT, airport_count: 2, avg_elevation: 360.0}, {fac_type: HELIPORT, airport_count: 320, avg_elevation: 284.234375}, {fac_type: SEAPLANE BASE, airport_count: 71, avg_elevation: 327.4225352112676}, {fac_type: STOLPORT, airport_count: 4, avg_elevation: 983.75}, {fac_type: ULTRALIGHT, airport_count: 4, avg_elevation: 244.0}]                                                                                                               | [{state: CT, airport_count: 153}, {state: MA, airport_count: 225}, {state: ME, airport_count: 164}, {state: NH, airport_count: 112}, {state: RI, airport_count: 28}, {state: VT, airport_count: 81}]                                                                                                                                    |\n| ANM        | 2102          | [{fac_type: AIRPORT, airport_count: 1524, avg_elevation: 3233.5708661417325}, {fac_type: BALLOONPORT, airport_count: 1, avg_elevation: 5050.0}, {fac_type: GLIDERPORT, airport_count: 4, avg_elevation: 5348.75}, {fac_type: HELIPORT, airport_count: 527, avg_elevation: 3534.123339658444}, {fac_type: SEAPLANE BASE, airport_count: 25, avg_elevation: 658.76}, {fac_type: STOLPORT, airport_count: 13, avg_elevation: 4169.461538461538}, {fac_type: ULTRALIGHT, airport_count: 8, avg_elevation: 2028.5}]                                  | [{state: CO, airport_count: 425}, {state: ID, airport_count: 238}, {state: MT, airport_count: 259}, {state: OR, airport_count: 441}, {state: UT, airport_count: 140}, {state: WA, airport_count: 484}, {state: WY, airport_count: 115}]                                                                                                 |\n| ASO        | 2924          | [{fac_type: AIRPORT, airport_count: 2038, avg_elevation: 424.09077526987244}, {fac_type: BALLOONPORT, airport_count: 1, avg_elevation: 800.0}, {fac_type: GLIDERPORT, airport_count: 8, avg_elevation: 359.375}, {fac_type: HELIPORT, airport_count: 770, avg_elevation: 410.3545454545455}, {fac_type: SEAPLANE BASE, airport_count: 57, avg_elevation: 100.2280701754386}, {fac_type: STOLPORT, airport_count: 33, avg_elevation: 526.6060606060606}, {fac_type: ULTRALIGHT, airport_count: 17, avg_elevation: 587.3529411764706}]            | [{state: AL, airport_count: 260}, {state: FL, airport_count: 856}, {state: GA, airport_count: 440}, {state: KY, airport_count: 202}, {state: MS, airport_count: 243}, {state: NC, airport_count: 400}, {state: PR, airport_count: 40}, {state: SC, airport_count: 189}, {state: TN, airport_count: 285}, {state: VI, airport_count: 9}] |\n| ASW        | 3268          | [{fac_type: AIRPORT, airport_count: 2341, avg_elevation: 1194.9709525843657}, {fac_type: GLIDERPORT, airport_count: 6, avg_elevation: 938.8333333333334}, {fac_type: HELIPORT, airport_count: 861, avg_elevation: 542.5853658536586}, {fac_type: SEAPLANE BASE, airport_count: 19, avg_elevation: 261.36842105263156}, {fac_type: STOLPORT, airport_count: 9, avg_elevation: 688.6666666666666}, {fac_type: ULTRALIGHT, airport_count: 32, avg_elevation: 325.78125}]                                                                           | [{state: AR, airport_count: 299}, {state: LA, airport_count: 500}, {state: NM, airport_count: 181}, {state: OK, airport_count: 443}, {state: TX, airport_count: 1845}]                                                                                                                                                                  |\n| AWP        | 1503          | [{fac_type: AIRPORT, airport_count: 917, avg_elevation: 1939.7273718647764}, {fac_type: GLIDERPORT, airport_count: 6, avg_elevation: 2450.5}, {fac_type: HELIPORT, airport_count: 555, avg_elevation: 1198.771171171171}, {fac_type: SEAPLANE BASE, airport_count: 12, avg_elevation: 1024.6666666666667}, {fac_type: STOLPORT, airport_count: 4, avg_elevation: 4438.25}, {fac_type: ULTRALIGHT, airport_count: 9, avg_elevation: 1872.2222222222222}]                                                                                         | [{state: AS, airport_count: 4}, {state: AZ, airport_count: 319}, {state: CA, airport_count: 984}, {state: CQ, airport_count: 11}, {state: GU, airport_count: 3}, {state: HI, airport_count: 52}, {state: MQ, airport_count: 1}, {state: NV, airport_count: 128}, {state: WQ, airport_count: 1}]                                         |",
                viz: None,
            },
        ),
    ],
}