{
    "compile_errors": [],
    "decls": {
        "let all_series": External<[{
        	team Int64,
        	season Int64,
        	first_game Timestamp(
            Microsecond,
            None,
        ),
        	round_number Int64,
        }]>,
        "let first_round_bye": [{
        	season Int64,
        	team Int64,
        	round_number Int64,
        }],
        "let normalized_games": External<[{
        	team Int64,
        	season Int64,
        	game_date Timestamp(
            Microsecond,
            None,
        ),
        	opponent Int64,
        	won Int32,
        }]>,
        "let playoffs": External<[{
        	SEASON_ID Utf8,
        	TEAM_ID Int64,
        	TEAM_ABBREVIATION Utf8,
        	TEAM_NAME Utf8,
        	GAME_ID Utf8,
        	GAME_DATE Utf8,
        	MATCHUP Utf8,
        	WL Utf8,
        	MIN Int64,
        	FGM Int64,
        	FGA Float64,
        	FG_PCT Float64,
        	FG3M Int64,
        	FG3A Float64,
        	FG3_PCT Float64,
        	FTM Int64,
        	FTA Int64,
        	FT_PCT Float64,
        	OREB Float64,
        	DREB Float64,
        	REB Float64,
        	AST Float64,
        	STL Float64,
        	BLK Float64,
        	TOV Float64,
        	PF Float64,
        	PTS Int64,
        	PLUS_MINUS Int64,
        	VIDEO_AVAILABLE Int64,
        	SEASON Int64,
        	__index_level_0__ Int64,
        }]>,
        "let series": External<[{
        	season Int64,
        	team Int64,
        	opponent Int64,
        	winner Boolean,
        	first_game Timestamp(
            Microsecond,
            None,
        ),
        }]>,
        "let series_ranked": External<[{
        	season Int64,
        	team Int64,
        	opponent Int64,
        	winner Boolean,
        	first_game Timestamp(
            Microsecond,
            None,
        ),
        	round_number Int64,
        }]>,
        "let series_ranked_with_bye": External<[{
        	season Int64,
        	team Int64,
        	opponent Int64,
        	winner Boolean,
        	first_game Timestamp(
            Microsecond,
            None,
        ),
        	round_number Int64,
        }]>,
        "let teams": External<[{
        	id Int64,
        	full_name Utf8,
        	abbreviation Utf8,
        	nickname Utf8,
        	city Utf8,
        	state Utf8,
        	year_founded Int64,
        }]>,
        "let winners": External<[{
        	team Int64,
        	total Int64,
        }]>,
    },
    "queries": [
        Ok(
            TypedValue {
                type_: List(
                    Record(
                        [
                            Field {
                                name: "full_name",
                                type_: Atom(
                                    Utf8,
                                ),
                                nullable: true,
                            },
                            Field {
                                name: "total",
                                type_: Atom(
                                    Int64,
                                ),
                                nullable: true,
                            },
                        ],
                    ),
                ),
                value: "| full_name              | total |\n|------------------------|-------|\n| New Orleans Pelicans   | 10    |\n| Minnesota Timberwolves | 12    |\n| Charlotte Hornets      | 14    |\n| Memphis Grizzlies      | 17    |\n| Sacramento Kings       | 19    |\n| Los Angeles Clippers   | 20    |\n| Washington Wizards     | 21    |\n| Toronto Raptors        | 23    |\n| Orlando Magic          | 27    |\n| Brooklyn Nets          | 34    |",
                viz: None,
            },
        ),
        Ok(
            TypedValue {
                type_: List(
                    Record(
                        [
                            Field {
                                name: "full_name",
                                type_: Atom(
                                    Utf8,
                                ),
                                nullable: true,
                            },
                            Field {
                                name: "total",
                                type_: Atom(
                                    Int64,
                                ),
                                nullable: true,
                            },
                        ],
                    ),
                ),
                value: "| full_name              | total |\n|------------------------|-------|\n| Toronto Raptors        | 1     |\n| Milwaukee Bucks        | 1     |\n| Indiana Pacers         | 1     |\n| Utah Jazz              | 2     |\n| Portland Trail Blazers | 2     |\n| Phoenix Suns           | 2     |\n| Orlando Magic          | 2     |\n| Oklahoma City Thunder  | 2     |\n| New York Knicks        | 2     |\n| Dallas Mavericks       | 2     |",
                viz: None,
            },
        ),
        Ok(
            TypedValue {
                type_: List(
                    Record(
                        [
                            Field {
                                name: "full_name",
                                type_: Atom(
                                    Utf8,
                                ),
                                nullable: true,
                            },
                            Field {
                                name: "total",
                                type_: Atom(
                                    Int64,
                                ),
                                nullable: true,
                            },
                        ],
                    ),
                ),
                value: "| full_name             | total |\n|-----------------------|-------|\n| Toronto Raptors       | 1     |\n| Philadelphia 76ers    | 1     |\n| Milwaukee Bucks       | 1     |\n| Dallas Mavericks      | 1     |\n| Cleveland Cavaliers   | 1     |\n| Houston Rockets       | 2     |\n| Miami Heat            | 3     |\n| Detroit Pistons       | 3     |\n| Golden State Warriors | 4     |\n| Boston Celtics        | 4     |",
                viz: None,
            },
        ),
        Ok(
            TypedValue {
                type_: List(
                    Record(
                        [
                            Field {
                                name: "full_name",
                                type_: Atom(
                                    Utf8,
                                ),
                                nullable: true,
                            },
                            Field {
                                name: "total",
                                type_: Atom(
                                    Int64,
                                ),
                                nullable: true,
                            },
                        ],
                    ),
                ),
                value: "| full_name              | total |\n|------------------------|-------|\n| New Orleans Pelicans   | 10    |\n| Minnesota Timberwolves | 12    |\n| Charlotte Hornets      | 14    |\n| Memphis Grizzlies      | 17    |\n| Sacramento Kings       | 19    |\n| Los Angeles Clippers   | 20    |\n| Washington Wizards     | 21    |\n| Orlando Magic          | 27    |\n| Brooklyn Nets          | 34    |\n| Denver Nuggets         | 37    |",
                viz: None,
            },
        ),
        Ok(
            TypedValue {
                type_: List(
                    Record(
                        [
                            Field {
                                name: "full_name",
                                type_: Atom(
                                    Utf8,
                                ),
                                nullable: true,
                            },
                            Field {
                                name: "total",
                                type_: Atom(
                                    Int64,
                                ),
                                nullable: true,
                            },
                        ],
                    ),
                ),
                value: "| full_name              | total |\n|------------------------|-------|\n| Indiana Pacers         | 1     |\n| Utah Jazz              | 2     |\n| Portland Trail Blazers | 2     |\n| Phoenix Suns           | 2     |\n| Orlando Magic          | 2     |\n| Oklahoma City Thunder  | 2     |\n| New York Knicks        | 2     |\n| Brooklyn Nets          | 2     |",
                viz: None,
            },
        ),
        Ok(
            TypedValue {
                type_: List(
                    Record(
                        [
                            Field {
                                name: "round_number",
                                type_: Atom(
                                    Int64,
                                ),
                                nullable: true,
                            },
                            Field {
                                name: "teams",
                                type_: Atom(
                                    Int64,
                                ),
                                nullable: true,
                            },
                        ],
                    ),
                ),
                value: "| round_number | teams |\n|--------------|-------|\n| 0            | 30    |\n| 1            | 30    |\n| 2            | 27    |\n| 3            | 21    |\n| 4            | 13    |",
                viz: None,
            },
        ),
    ],
}