{
    "compile_errors": [],
    "decls": {
        "let cities": External<[{
        	CityID Int64,
        	City Utf8,
        	State Utf8,
        }]>,
        "let conference_tourney_games": External<[{
        	Season Int64,
        	ConfAbbrev Utf8,
        	DayNum Int64,
        	WTeamID Int64,
        	LTeamID Int64,
        }]>,
        "let conferences": External<[{
        	ConfAbbrev Utf8,
        	Description Utf8,
        }]>,
        "let game_cities": External<[{
        	Season Int64,
        	DayNum Int64,
        	WTeamID Int64,
        	LTeamID Int64,
        	CRType Utf8,
        	CityID Int64,
        }]>,
        "let massey_ordinals_thruday_128": External<[{
        	Season Int64,
        	RankingDayNum Int64,
        	SystemName Utf8,
        	TeamID Int64,
        	OrdinalRank Int64,
        }]>,
        "let ncaa_tourney_compact_results": External<[{
        	Season Int64,
        	DayNum Int64,
        	WTeamID Int64,
        	WScore Int64,
        	LTeamID Int64,
        	LScore Int64,
        	WLoc Utf8,
        	NumOT Int64,
        }]>,
        "let ncaa_tourney_detailed_results": External<[{
        	Season Int64,
        	DayNum Int64,
        	WTeamID Int64,
        	WScore Int64,
        	LTeamID Int64,
        	LScore Int64,
        	WLoc Utf8,
        	NumOT Int64,
        	WFGM Int64,
        	WFGA Int64,
        	WFGM3 Int64,
        	WFGA3 Int64,
        	WFTM Int64,
        	WFTA Int64,
        	WOR Int64,
        	WDR Int64,
        	WAst Int64,
        	WTO Int64,
        	WStl Int64,
        	WBlk Int64,
        	WPF Int64,
        	LFGM Int64,
        	LFGA Int64,
        	LFGM3 Int64,
        	LFGA3 Int64,
        	LFTM Int64,
        	LFTA Int64,
        	LOR Int64,
        	LDR Int64,
        	LAst Int64,
        	LTO Int64,
        	LStl Int64,
        	LBlk Int64,
        	LPF Int64,
        }]>,
        "let ncaa_tourney_seed_round_slots": External<[{
        	Seed Utf8,
        	GameRound Int64,
        	GameSlot Utf8,
        	EarlyDayNum Int64,
        	LateDayNum Int64,
        }]>,
        "let ncaa_tourney_seeds": External<[{
        	Season Int64,
        	Seed Utf8,
        	TeamID Int64,
        }]>,
        "let ncaa_tourney_slots": External<[{
        	Season Int64,
        	Slot Utf8,
        	StrongSeed Utf8,
        	WeakSeed Utf8,
        }]>,
        "let regular_season_compact_results": External<[{
        	Season Int64,
        	DayNum Int64,
        	WTeamID Int64,
        	WScore Int64,
        	LTeamID Int64,
        	LScore Int64,
        	WLoc Utf8,
        	NumOT Int64,
        }]>,
        "let regular_season_detailed_results": External<[{
        	Season Int64,
        	DayNum Int64,
        	WTeamID Int64,
        	WScore Int64,
        	LTeamID Int64,
        	LScore Int64,
        	WLoc Utf8,
        	NumOT Int64,
        	WFGM Int64,
        	WFGA Int64,
        	WFGM3 Int64,
        	WFGA3 Int64,
        	WFTM Int64,
        	WFTA Int64,
        	WOR Int64,
        	WDR Int64,
        	WAst Int64,
        	WTO Int64,
        	WStl Int64,
        	WBlk Int64,
        	WPF Int64,
        	LFGM Int64,
        	LFGA Int64,
        	LFGM3 Int64,
        	LFGA3 Int64,
        	LFTM Int64,
        	LFTA Int64,
        	LOR Int64,
        	LDR Int64,
        	LAst Int64,
        	LTO Int64,
        	LStl Int64,
        	LBlk Int64,
        	LPF Int64,
        }]>,
        "let seasons": External<[{
        	Season Int64,
        	DayZero Utf8,
        	RegionW Utf8,
        	RegionX Utf8,
        	RegionY Utf8,
        	RegionZ Utf8,
        }]>,
        "let secondary_tourney_compact_results": External<[{
        	Season Int64,
        	DayNum Int64,
        	WTeamID Int64,
        	WScore Int64,
        	LTeamID Int64,
        	LScore Int64,
        	WLoc Utf8,
        	NumOT Int64,
        	SecondaryTourney Utf8,
        }]>,
        "let secondary_tourney_teams": External<[{
        	Season Int64,
        	SecondaryTourney Utf8,
        	TeamID Int64,
        }]>,
        "let team_coaches": External<[{
        	Season Int64,
        	TeamID Int64,
        	FirstDayNum Int64,
        	LastDayNum Int64,
        	CoachName Utf8,
        }]>,
        "let team_conferences": External<[{
        	Season Int64,
        	TeamID Int64,
        	ConfAbbrev Utf8,
        }]>,
        "let teams": External<[{
        	TeamID Int64,
        	TeamName Utf8,
        	FirstD1Season Int64,
        	LastD1Season Int64,
        }]>,
    },
    "queries": [
        Ok(
            TypedValue {
                type_: List(
                    Record(
                        [
                            Field {
                                name: "COUNT(*)",
                                type_: Atom(
                                    Int64,
                                ),
                                nullable: true,
                            },
                        ],
                    ),
                ),
                value: "| COUNT(*) |\n|----------|\n| 372      |",
                viz: None,
            },
        ),
    ],
}