{
    "compile_errors": [],
    "decls": {
        "let orders": External<[{
        	id Int64,
        	user_id Int64,
        	order_date Date32,
        	status Utf8,
        }]>,
    },
    "queries": [
        Ok(
            TypedValue {
                type_: List(
                    Record(
                        [
                            Field {
                                name: "id",
                                type_: Atom(
                                    Int64,
                                ),
                                nullable: true,
                            },
                            Field {
                                name: "user_id",
                                type_: Atom(
                                    Int64,
                                ),
                                nullable: true,
                            },
                            Field {
                                name: "order_date",
                                type_: Atom(
                                    Date32,
                                ),
                                nullable: true,
                            },
                            Field {
                                name: "status",
                                type_: Atom(
                                    Utf8,
                                ),
                                nullable: true,
                            },
                        ],
                    ),
                ),
                value: "| id | user_id | order_date | status    |\n|----|---------|------------|-----------|\n| 1  | 1       | 2018-01-01 | returned  |\n| 2  | 3       | 2018-01-02 | completed |\n| 3  | 94      | 2018-01-04 | completed |\n| 4  | 50      | 2018-01-05 | completed |\n| 5  | 64      | 2018-01-05 | completed |\n| 6  | 54      | 2018-01-07 | completed |\n| 7  | 88      | 2018-01-09 | completed |\n| 8  | 2       | 2018-01-11 | returned  |\n| 9  | 53      | 2018-01-12 | completed |\n| 10 | 7       | 2018-01-14 | completed |",
                viz: None,
            },
        ),
        Ok(
            TypedValue {
                type_: List(
                    Record(
                        [
                            Field {
                                name: "MAX(order_date)",
                                type_: Atom(
                                    Date32,
                                ),
                                nullable: true,
                            },
                        ],
                    ),
                ),
                value: "| MAX(order_date) |\n|-----------------|\n| 2018-04-09      |",
                viz: None,
            },
        ),
    ],
}